PS C:\Users\pedro\Downloads\experiments> pip install "numpy<2"
Defaulting to user installation because normal site-packages is not writeable
Collecting numpy<2
  Using cached numpy-1.26.4-cp313-cp313-win_amd64.whl
Installing collected packages: numpy
  Attempting uninstall: numpy
    Found existing installation: numpy 2.4.1
    Uninstalling numpy-2.4.1:
      Successfully uninstalled numpy-2.4.1
  WARNING: The script f2py.exe is installed in 'C:\Users\pedro\AppData\Roaming\Python\Python313\Scripts' which is not on PATH.
  Consider adding this directory to PATH or, if you prefer to suppress this warning, use --no-warn-script-location.
ERROR: pip's dependency resolver does not currently take into account all the packages that are installed. This behaviour is the source of the following dependency conflicts.
ml-dtypes 0.5.3 requires numpy>=2.1.0; python_version >= "3.13", but you have numpy 1.26.4 which is incompatible.
opencv-python 4.12.0.88 requires numpy<2.3.0,>=2; python_version >= "3.9", but you have numpy 1.26.4 which is incompatible.
opencv-python-headless 4.12.0.88 requires numpy<2.3.0,>=2; python_version >= "3.9", but you have numpy 1.26.4 which is incompatible.
shap 0.50.0 requires numpy>=2, but you have numpy 1.26.4 which is incompatible.
Successfully installed numpy-1.26.4